#-----------------------------------------------------------
# Vivado v2016.3 (64-bit)
# SW Build 1682563 on Mon Oct 10 19:07:27 MDT 2016
# IP Build 1681267 on Mon Oct 10 21:28:31 MDT 2016
# Start of session at: Wed May 02 15:47:40 2018
# Process ID: 4232
# Current directory: C:/Users/ghchen/Desktop/lab4
# Command line: vivado.exe -gui_launcher_event rodinguilauncherevent5004 C:\Users\ghchen\Desktop\lab4\lab4.xpr
# Log file: C:/Users/ghchen/Desktop/lab4/vivado.log
# Journal file: C:/Users/ghchen/Desktop/lab4\vivado.jou
#-----------------------------------------------------------
start_gui
open_project C:/Users/ghchen/Desktop/lab4/lab4.xpr
add_files -fileset constrs_1 -norecurse C:/Users/ghchen/Desktop/ass/Basys3_Master.xdc
import_files -fileset constrs_1 C:/Users/ghchen/Desktop/ass/Basys3_Master.xdc
set_property SOURCE_SET sources_1 [get_filesets sim_1]
import_files -fileset sim_1 -norecurse {C:/Users/ghchen/Desktop/ass/testTC.v C:/Users/ghchen/Desktop/ass/lab4tests.v}
reset_run synth_1
launch_runs impl_1 -to_step write_bitstream
wait_on_run impl_1
reset_run synth_1
launch_runs impl_1 -to_step write_bitstream
wait_on_run impl_1
reset_run synth_1
launch_runs impl_1 -to_step write_bitstream
wait_on_run impl_1
reset_run synth_1
launch_runs impl_1 -to_step write_bitstream
wait_on_run impl_1
reset_run synth_1
launch_runs impl_1 -to_step write_bitstream
wait_on_run impl_1
add_files -norecurse {C:/Users/ghchen/Desktop/lab4/lab4.srcs/sources_1/new/edgeD.v C:/Users/ghchen/Desktop/lab4/lab4.srcs/sources_1/new/top.v C:/Users/ghchen/Desktop/lab4/lab4.srcs/sources_1/new/lab4_clks.v C:/Users/ghchen/Desktop/lab4/lab4.srcs/sources_1/new/selector.v C:/Users/ghchen/Desktop/lab4/lab4.srcs/sources_1/new/hex7seg.v C:/Users/ghchen/Desktop/lab4/lab4.srcs/sources_1/new/ring.v}
update_compile_order -fileset sources_1
update_compile_order -fileset sim_1
reset_run synth_1
launch_runs impl_1 -to_step write_bitstream
wait_on_run impl_1
reset_run synth_1
launch_runs impl_1 -to_step write_bitstream
wait_on_run impl_1
